[INFO] Scanning for projects...
[INFO] 
[INFO] ------------------< com.yujianghuai:yujianghuai-boot >------------------
[INFO] Building yujianghuai-boot 1.0.0
[INFO] --------------------------------[ jar ]---------------------------------
[INFO] 
[INFO] >>> spring-boot-maven-plugin:3.3.11:run (default-cli) > test-compile @ yujianghuai-boot >>>
[WARNING] The POM for com.yujianghuai:yujianghuai-common-tenant:jar:1.0.0 is missing, no dependency information available
[WARNING] The POM for com.yujianghuai:yujianghuai-service-biz:jar:1.0.0 is missing, no dependency information available
[WARNING] The POM for com.yujianghuai:yujianghuai-auth-biz:jar:1.0.0 is missing, no dependency information available
[WARNING] The POM for com.yujianghuai:yujianghuai-admin-biz:jar:1.0.0 is missing, no dependency information available
[INFO] ------------------------------------------------------------------------
[INFO] BUILD FAILURE
[INFO] ------------------------------------------------------------------------
[INFO] Total time:  0.874 s
[INFO] Finished at: 2026-04-24T13:19:28+08:00
[INFO] ------------------------------------------------------------------------
[ERROR] Failed to execute goal on project yujianghuai-boot: Could not resolve dependencies for project com.yujianghuai:yujianghuai-boot:jar:1.0.0: The following artifacts could not be resolved: com.yujianghuai:yujianghuai-common-tenant:jar:1.0.0, com.yujianghuai:yujianghuai-service-biz:jar:1.0.0, com.yujianghuai:yujianghuai-auth-biz:jar:1.0.0, com.yujianghuai:yujianghuai-admin-biz:jar:1.0.0: Failure to find com.yujianghuai:yujianghuai-common-tenant:jar:1.0.0 in http://maven.aliyun.com/nexus/content/groups/public/ was cached in the local repository, resolution will not be reattempted until the update interval of nexus-aliyun has elapsed or updates are forced -> [Help 1]
[ERROR] 
[ERROR] To see the full stack trace of the errors, re-run Maven with the -e switch.
[ERROR] Re-run Maven using the -X switch to enable full debug logging.
[ERROR] 
[ERROR] For more information about the errors and possible solutions, please read the following articles:
[ERROR] [Help 1] http://cwiki.apache.org/confluence/display/MAVEN/DependencyResolutionException
